Archive member included to satisfy reference by file (symbol)

c:/program files (x86)/atollic/truestudio for stm32 9.3.0/armtools/bin/../lib/gcc/arm-atollic-eabi/6.3.1/../../../../arm-atollic-eabi/lib/armv7-m\libc_nano.a(lib_a-errno.o)
                              Src\syscalls.o (__errno)
c:/program files (x86)/atollic/truestudio for stm32 9.3.0/armtools/bin/../lib/gcc/arm-atollic-eabi/6.3.1/../../../../arm-atollic-eabi/lib/armv7-m\libc_nano.a(lib_a-impure.o)
                              c:/program files (x86)/atollic/truestudio for stm32 9.3.0/armtools/bin/../lib/gcc/arm-atollic-eabi/6.3.1/../../../../arm-atollic-eabi/lib/armv7-m\libc_nano.a(lib_a-errno.o) (_impure_ptr)
c:/program files (x86)/atollic/truestudio for stm32 9.3.0/armtools/bin/../lib/gcc/arm-atollic-eabi/6.3.1/../../../../arm-atollic-eabi/lib/armv7-m\libc_nano.a(lib_a-init.o)
                              startup\startup_stm32f103xb.o (__libc_init_array)
c:/program files (x86)/atollic/truestudio for stm32 9.3.0/armtools/bin/../lib/gcc/arm-atollic-eabi/6.3.1/../../../../arm-atollic-eabi/lib/armv7-m\libc_nano.a(lib_a-memcpy-stub.o)
                              Middlewares\Third_Party\FreeRTOS\Source\queue.o (memcpy)
c:/program files (x86)/atollic/truestudio for stm32 9.3.0/armtools/bin/../lib/gcc/arm-atollic-eabi/6.3.1/../../../../arm-atollic-eabi/lib/armv7-m\libc_nano.a(lib_a-memset.o)
                              Drivers\STM32F1xx_HAL_Driver\Src\stm32f1xx_hal_rcc.o (memset)
c:/program files (x86)/atollic/truestudio for stm32 9.3.0/armtools/bin/../lib/gcc/arm-atollic-eabi/6.3.1/armv7-m\libgcc.a(_lshrdi3.o)
                              Drivers\STM32F1xx_HAL_Driver\Src\stm32f1xx_hal_flash.o (__aeabi_llsr)

Allocating common symbols
Common symbol       size              file

defaultTaskHandle   0x4               Src\main.o
uwTick              0x4               Drivers\STM32F1xx_HAL_Driver\Src\stm32f1xx_hal.o
xQueueRegistry      0x40              Middlewares\Third_Party\FreeRTOS\Source\queue.o
pFlash              0x20              Drivers\STM32F1xx_HAL_Driver\Src\stm32f1xx_hal_flash.o
hrtc                0x14              Src\main.o
htim1               0x40              Src\stm32f1xx_hal_timebase_tim.o

Discarded input sections

 .text          0x00000000        0x0 c:/program files (x86)/atollic/truestudio for stm32 9.3.0/armtools/bin/../lib/gcc/arm-atollic-eabi/6.3.1/armv7-m/crti.o
 .data          0x00000000        0x0 c:/program files (x86)/atollic/truestudio for stm32 9.3.0/armtools/bin/../lib/gcc/arm-atollic-eabi/6.3.1/armv7-m/crti.o
 .bss           0x00000000        0x0 c:/program files (x86)/atollic/truestudio for stm32 9.3.0/armtools/bin/../lib/gcc/arm-atollic-eabi/6.3.1/armv7-m/crti.o
 .data          0x00000000        0x4 c:/program files (x86)/atollic/truestudio for stm32 9.3.0/armtools/bin/../lib/gcc/arm-atollic-eabi/6.3.1/armv7-m/crtbegin.o
 .text          0x00000000        0x0 Drivers\STM32F1xx_HAL_Driver\Src\stm32f1xx_hal.o
 .data          0x00000000        0x0 Drivers\STM32F1xx_HAL_Driver\Src\stm32f1xx_hal.o
 .bss           0x00000000        0x0 Drivers\STM32F1xx_HAL_Driver\Src\stm32f1xx_hal.o
 .text.HAL_MspInit
                0x00000000        0x2 Drivers\STM32F1xx_HAL_Driver\Src\stm32f1xx_hal.o
 .text.HAL_MspDeInit
                0x00000000        0x2 Drivers\STM32F1xx_HAL_Driver\Src\stm32f1xx_hal.o
 .text.HAL_DeInit
                0x00000000       0x20 Drivers\STM32F1xx_HAL_Driver\Src\stm32f1xx_hal.o
 .text.HAL_InitTick
                0x00000000       0x48 Drivers\STM32F1xx_HAL_Driver\Src\stm32f1xx_hal.o
 .text.HAL_GetTickPrio
                0x00000000        0xc Drivers\STM32F1xx_HAL_Driver\Src\stm32f1xx_hal.o
 .text.HAL_SetTickFreq
                0x00000000       0x24 Drivers\STM32F1xx_HAL_Driver\Src\stm32f1xx_hal.o
 .text.HAL_GetTickFreq
                0x00000000        0xc Drivers\STM32F1xx_HAL_Driver\Src\stm32f1xx_hal.o
 .text.HAL_Delay
                0x00000000       0x24 Drivers\STM32F1xx_HAL_Driver\Src\stm32f1xx_hal.o
 .text.HAL_SuspendTick
                0x00000000       0x10 Drivers\STM32F1xx_HAL_Driver\Src\stm32f1xx_hal.o
 .text.HAL_ResumeTick
                0x00000000       0x10 Drivers\STM32F1xx_HAL_Driver\Src\stm32f1xx_hal.o
 .text.HAL_GetHalVersion
                0x00000000        0x8 Drivers\STM32F1xx_HAL_Driver\Src\stm32f1xx_hal.o
 .text.HAL_GetREVID
                0x00000000        0xc Drivers\STM32F1xx_HAL_Driver\Src\stm32f1xx_hal.o
 .text.HAL_GetDEVID
                0x00000000       0x10 Drivers\STM32F1xx_HAL_Driver\Src\stm32f1xx_hal.o
 .text.HAL_DBGMCU_EnableDBGSleepMode
                0x00000000       0x10 Drivers\STM32F1xx_HAL_Driver\Src\stm32f1xx_hal.o
 .text.HAL_DBGMCU_DisableDBGSleepMode
                0x00000000       0x10 Drivers\STM32F1xx_HAL_Driver\Src\stm32f1xx_hal.o
 .text.HAL_DBGMCU_EnableDBGStopMode
                0x00000000       0x10 Drivers\STM32F1xx_HAL_Driver\Src\stm32f1xx_hal.o
 .text.HAL_DBGMCU_DisableDBGStopMode
[...]
Memory Configuration

Name             Origin             Length             Attributes
RAM              0x20000000         0x00005000         xrw
FLASH            0x08000000         0x00010000         xr
*default*        0x00000000         0xffffffff

Linker script and memory map

LOAD c:/program files (x86)/atollic/truestudio for stm32 9.3.0/armtools/bin/../lib/gcc/arm-atollic-eabi/6.3.1/armv7-m/crti.o
LOAD c:/program files (x86)/atollic/truestudio for stm32 9.3.0/armtools/bin/../lib/gcc/arm-atollic-eabi/6.3.1/armv7-m/crtbegin.o
LOAD Drivers\STM32F1xx_HAL_Driver\Src\stm32f1xx_hal.o
LOAD Drivers\STM32F1xx_HAL_Driver\Src\stm32f1xx_hal_cortex.o
LOAD Drivers\STM32F1xx_HAL_Driver\Src\stm32f1xx_hal_dma.o
LOAD Drivers\STM32F1xx_HAL_Driver\Src\stm32f1xx_hal_flash.o
LOAD Drivers\STM32F1xx_HAL_Driver\Src\stm32f1xx_hal_flash_ex.o
LOAD Drivers\STM32F1xx_HAL_Driver\Src\stm32f1xx_hal_gpio.o
LOAD Drivers\STM32F1xx_HAL_Driver\Src\stm32f1xx_hal_gpio_ex.o
LOAD Drivers\STM32F1xx_HAL_Driver\Src\stm32f1xx_hal_pwr.o
LOAD Drivers\STM32F1xx_HAL_Driver\Src\stm32f1xx_hal_rcc.o
LOAD Drivers\STM32F1xx_HAL_Driver\Src\stm32f1xx_hal_rcc_ex.o
LOAD Drivers\STM32F1xx_HAL_Driver\Src\stm32f1xx_hal_rtc.o
LOAD Drivers\STM32F1xx_HAL_Driver\Src\stm32f1xx_hal_rtc_ex.o
LOAD Drivers\STM32F1xx_HAL_Driver\Src\stm32f1xx_hal_tim.o
LOAD Drivers\STM32F1xx_HAL_Driver\Src\stm32f1xx_hal_tim_ex.o
LOAD Middlewares\Third_Party\FreeRTOS\Source\CMSIS_RTOS\cmsis_os.o
LOAD Middlewares\Third_Party\FreeRTOS\Source\croutine.o
LOAD Middlewares\Third_Party\FreeRTOS\Source\event_groups.o
LOAD Middlewares\Third_Party\FreeRTOS\Source\list.o
LOAD Middlewares\Third_Party\FreeRTOS\Source\portable\GCC\ARM_CM3\port.o
LOAD Middlewares\Third_Party\FreeRTOS\Source\portable\MemMang\heap_4.o
LOAD Middlewares\Third_Party\FreeRTOS\Source\queue.o
LOAD Middlewares\Third_Party\FreeRTOS\Source\tasks.o
LOAD Middlewares\Third_Party\FreeRTOS\Source\timers.o
LOAD Src\freertos.o
LOAD Src\main.o
LOAD Src\stm32f1xx_hal_msp.o
LOAD Src\stm32f1xx_hal_timebase_tim.o
LOAD Src\stm32f1xx_it.o
LOAD Src\syscalls.o
LOAD Src\system_stm32f1xx.o
LOAD startup\startup_stm32f103xb.o
                0x00000080                malloc_getpagesize_P = 0x80
START GROUP
LOAD c:/program files (x86)/atollic/truestudio for stm32 9.3.0/armtools/bin/../lib/gcc/arm-atollic-eabi/6.3.1/../../../../arm-atollic-eabi/lib/armv7-m\libc_nano.a
LOAD c:/program files (x86)/atollic/truestudio for stm32 9.3.0/armtools/bin/../lib/gcc/arm-atollic-eabi/6.3.1/../../../../arm-atollic-eabi/lib/armv7-m\libm.a
END GROUP
START GROUP
LOAD c:/program files (x86)/atollic/truestudio for stm32 9.3.0/armtools/bin/../lib/gcc/arm-atollic-eabi/6.3.1/armv7-m\libgcc.a
LOAD c:/program files (x86)/atollic/truestudio for stm32 9.3.0/armtools/bin/../lib/gcc/arm-atollic-eabi/6.3.1/../../../../arm-atollic-eabi/lib/armv7-m\libc_nano.a
END GROUP
START GROUP
LOAD c:/program files (x86)/atollic/truestudio for stm32 9.3.0/armtools/bin/../lib/gcc/arm-atollic-eabi/6.3.1/armv7-m\libgcc.a
LOAD c:/program files (x86)/atollic/truestudio for stm32 9.3.0/armtools/bin/../lib/gcc/arm-atollic-eabi/6.3.1/../../../../arm-atollic-eabi/lib/armv7-m\libc_nano.a
LOAD c:/program files (x86)/atollic/truestudio for stm32 9.3.0/armtools/bin/../lib/gcc/arm-atollic-eabi/6.3.1/../../../../arm-atollic-eabi/lib/armv7-m\libnosys.a
END GROUP
START GROUP
LOAD c:/program files (x86)/atollic/truestudio for stm32 9.3.0/armtools/bin/../lib/gcc/arm-atollic-eabi/6.3.1/armv7-m\libgcc.a
LOAD c:/program files (x86)/atollic/truestudio for stm32 9.3.0/armtools/bin/../lib/gcc/arm-atollic-eabi/6.3.1/../../../../arm-atollic-eabi/lib/armv7-m\libc_nano.a
LOAD c:/program files (x86)/atollic/truestudio for stm32 9.3.0/armtools/bin/../lib/gcc/arm-atollic-eabi/6.3.1/../../../../arm-atollic-eabi/lib/armv7-m\libnosys.a
END GROUP
LOAD c:/program files (x86)/atollic/truestudio for stm32 9.3.0/armtools/bin/../lib/gcc/arm-atollic-eabi/6.3.1/armv7-m/crtend.o
LOAD c:/program files (x86)/atollic/truestudio for stm32 9.3.0/armtools/bin/../lib/gcc/arm-atollic-eabi/6.3.1/armv7-m/crtn.o
                0x20005000                _estack = 0x20005000
                0x00000200                _Min_Heap_Size = 0x200
                0x00000400                _Min_Stack_Size = 0x400

.isr_vector     0x08000000      0x10c
                0x08000000                . = ALIGN (0x4)
 *(.isr_vector)
 .isr_vector    0x08000000      0x10c startup\startup_stm32f103xb.o
                0x08000000                g_pfnVectors
                0x0800010c                . = ALIGN (0x4)

.text           0x08000110     0x1eb0
                0x08000110                . = ALIGN (0x4)
 *(.text)
 .text          0x08000110       0x40 c:/program files (x86)/atollic/truestudio for stm32 9.3.0/armtools/bin/../lib/gcc/arm-atollic-eabi/6.3.1/armv7-m/crtbegin.o
 *(.text*)
 .text.HAL_Init
                0x08000150       0x24 Drivers\STM32F1xx_HAL_Driver\Src\stm32f1xx_hal.o
                0x08000150                HAL_Init
 .text.HAL_IncTick
                0x08000174       0x18 Drivers\STM32F1xx_HAL_Driver\Src\stm32f1xx_hal.o
                0x08000174                HAL_IncTick
 .text.HAL_GetTick
                0x0800018c        0xc Drivers\STM32F1xx_HAL_Driver\Src\stm32f1xx_hal.o
                0x0800018c                HAL_GetTick
 .text.HAL_NVIC_SetPriorityGrouping
                0x08000198       0x24 Drivers\STM32F1xx_HAL_Driver\Src\stm32f1xx_hal_cortex.o
                0x08000198                HAL_NVIC_SetPriorityGrouping
 .text.HAL_NVIC_SetPriority
                0x080001bc       0x68 Drivers\STM32F1xx_HAL_Driver\Src\stm32f1xx_hal_cortex.o
                0x080001bc                HAL_NVIC_SetPriority
 .text.HAL_NVIC_EnableIRQ
                0x08000224       0x18 Drivers\STM32F1xx_HAL_Driver\Src\stm32f1xx_hal_cortex.o
                0x08000224                HAL_NVIC_EnableIRQ
 .text.HAL_GPIO_Init
                0x0800023c      0x1c0 Drivers\STM32F1xx_HAL_Driver\Src\stm32f1xx_hal_gpio.o
                0x0800023c                HAL_GPIO_Init
 .text.HAL_GPIO_WritePin
                0x080003fc        0xa Drivers\STM32F1xx_HAL_Driver\Src\stm32f1xx_hal_gpio.o
                0x080003fc                HAL_GPIO_WritePin
 *fill*         0x08000406        0x2 
 .text.HAL_PWR_EnableBkUpAccess
                0x08000408        0xc Drivers\STM32F1xx_HAL_Driver\Src\stm32f1xx_hal_pwr.o
                0x08000408                HAL_PWR_EnableBkUpAccess
 .text.HAL_RCC_OscConfig
                0x08000414      0x318 Drivers\STM32F1xx_HAL_Driver\Src\stm32f1xx_hal_rcc.o
                0x08000414                HAL_RCC_OscConfig
 .text.HAL_RCC_GetSysClockFreq
                0x0800072c       0x78 Drivers\STM32F1xx_HAL_Driver\Src\stm32f1xx_hal_rcc.o
                0x0800072c                HAL_RCC_GetSysClockFreq
 .text.HAL_RCC_ClockConfig
                0x080007a4      0x164 Drivers\STM32F1xx_HAL_Driver\Src\stm32f1xx_hal_rcc.o
                0x080007a4                HAL_RCC_ClockConfig
 .text.HAL_RCC_GetPCLK2Freq
                0x08000908       0x20 Drivers\STM32F1xx_HAL_Driver\Src\stm32f1xx_hal_rcc.o
                0x08000908                HAL_RCC_GetPCLK2Freq
 .text.HAL_RCC_GetClockConfig
                0x08000928       0x3c Drivers\STM32F1xx_HAL_Driver\Src\stm32f1xx_hal_rcc.o
                0x08000928                HAL_RCC_GetClockConfig
 .text.HAL_RCCEx_PeriphCLKConfig
                0x08000964       0xf0 Drivers\STM32F1xx_HAL_Driver\Src\stm32f1xx_hal_rcc_ex.o
                0x08000964                HAL_RCCEx_PeriphCLKConfig
 .text.HAL_RCCEx_GetPeriphCLKFreq
                0x08000a54       0xec Drivers\STM32F1xx_HAL_Driver\Src\stm32f1xx_hal_rcc_ex.o
                0x08000a54                HAL_RCCEx_GetPeriphCLKFreq
 .text.RTC_ReadTimeCounter
                0x08000b40       0x24 Drivers\STM32F1xx_HAL_Driver\Src\stm32f1xx_hal_rtc.o
 .text.RTC_ReadAlarmCounter
                0x08000b64        0xe Drivers\STM32F1xx_HAL_Driver\Src\stm32f1xx_hal_rtc.o
 .text.RTC_Bcd2ToByte
                0x08000b72       0x10 Drivers\STM32F1xx_HAL_Driver\Src\stm32f1xx_hal_rtc.o
 .text.RTC_WeekDayNum
                0x08000b82       0x6e Drivers\STM32F1xx_HAL_Driver\Src\stm32f1xx_hal_rtc.o
 .text.RTC_EnterInitMode
                0x08000bf0       0x2e Drivers\STM32F1xx_HAL_Driver\Src\stm32f1xx_hal_rtc.o
 .text.RTC_ExitInitMode
                0x08000c1e       0x30 Drivers\STM32F1xx_HAL_Driver\Src\stm32f1xx_hal_rtc.o
 .text.RTC_WriteTimeCounter
                0x08000c4e       0x28 Drivers\STM32F1xx_HAL_Driver\Src\stm32f1xx_hal_rtc.o
 .text.RTC_WriteAlarmCounter
                0x08000c76       0x28 Drivers\STM32F1xx_HAL_Driver\Src\stm32f1xx_hal_rtc.o
 .text.HAL_RTC_SetTime
                0x08000c9e       0xa2 Drivers\STM32F1xx_HAL_Driver\Src\stm32f1xx_hal_rtc.o
                0x08000c9e                HAL_RTC_SetTime
 .text.HAL_RTC_SetDate
                0x08000d40       0xb0 Drivers\STM32F1xx_HAL_Driver\Src\stm32f1xx_hal_rtc.o
                0x08000d40                HAL_RTC_SetDate
 .text.HAL_RTC_WaitForSynchro
                0x08000df0       0x36 Drivers\STM32F1xx_HAL_Driver\Src\stm32f1xx_hal_rtc.o
                0x08000df0                HAL_RTC_WaitForSynchro
 *fill*         0x08000e26        0x2 
 .text.HAL_RTC_Init
                0x08000e28       0xa0 Drivers\STM32F1xx_HAL_Driver\Src\stm32f1xx_hal_rtc.o
                0x08000e28                HAL_RTC_Init
 .text.HAL_TIM_Base_MspInit
                0x08000ec8        0x2 Drivers\STM32F1xx_HAL_Driver\Src\stm32f1xx_hal_tim.o
                0x08000ec8                HAL_TIM_Base_MspInit
 .text.HAL_TIM_Base_Start_IT
                0x08000eca       0x16 Drivers\STM32F1xx_HAL_Driver\Src\stm32f1xx_hal_tim.o
                0x08000eca                HAL_TIM_Base_Start_IT
 .text.HAL_TIM_OC_DelayElapsedCallback
                0x08000ee0        0x2 Drivers\STM32F1xx_HAL_Driver\Src\stm32f1xx_hal_tim.o
                0x08000ee0                HAL_TIM_OC_DelayElapsedCallback
 .text.HAL_TIM_IC_CaptureCallback
                0x08000ee2        0x2 Drivers\STM32F1xx_HAL_Driver\Src\stm32f1xx_hal_tim.o
                0x08000ee2                HAL_TIM_IC_CaptureCallback
 .text.HAL_TIM_PWM_PulseFinishedCallback
                0x08000ee4        0x2 Drivers\STM32F1xx_HAL_Driver\Src\stm32f1xx_hal_tim.o
                0x08000ee4                HAL_TIM_PWM_PulseFinishedCallback
 .text.HAL_TIM_TriggerCallback
                0x08000ee6        0x2 Drivers\STM32F1xx_HAL_Driver\Src\stm32f1xx_hal_tim.o
                0x08000ee6                HAL_TIM_TriggerCallback
 .text.HAL_TIM_IRQHandler
                0x08000ee8      0x144 Drivers\STM32F1xx_HAL_Driver\Src\stm32f1xx_hal_tim.o
                0x08000ee8                HAL_TIM_IRQHandler
 .text.TIM_Base_SetConfig
                0x0800102c       0x70 Drivers\STM32F1xx_HAL_Driver\Src\stm32f1xx_hal_tim.o
                0x0800102c                TIM_Base_SetConfig
 .text.HAL_TIM_Base_Init
                0x0800109c       0x34 Drivers\STM32F1xx_HAL_Driver\Src\stm32f1xx_hal_tim.o
                0x0800109c                HAL_TIM_Base_Init
 .text.HAL_TIMEx_CommutationCallback
                0x080010d0        0x2 Drivers\STM32F1xx_HAL_Driver\Src\stm32f1xx_hal_tim_ex.o
                0x080010d0                HAL_TIMEx_CommutationCallback
 .text.HAL_TIMEx_BreakCallback
                0x080010d2        0x2 Drivers\STM32F1xx_HAL_Driver\Src\stm32f1xx_hal_tim_ex.o
                0x080010d2                HAL_TIMEx_BreakCallback
 .text.osKernelStart
                0x080010d4        0xa Middlewares\Third_Party\FreeRTOS\Source\CMSIS_RTOS\cmsis_os.o
                0x080010d4                osKernelStart
 .text.osThreadCreate
                0x080010de       0x32 Middlewares\Third_Party\FreeRTOS\Source\CMSIS_RTOS\cmsis_os.o
                0x080010de                osThreadCreate
 .text.osDelay  0x08001110       0x10 Middlewares\Third_Party\FreeRTOS\Source\CMSIS_RTOS\cmsis_os.o
                0x08001110                osDelay
 .text.vListInitialise
                0x08001120       0x16 Middlewares\Third_Party\FreeRTOS\Source\list.o
                0x08001120                vListInitialise
 .text.vListInitialiseItem
                0x08001136        0x6 Middlewares\Third_Party\FreeRTOS\Source\list.o
                0x08001136                vListInitialiseItem
 .text.vListInsertEnd
                0x0800113c       0x18 Middlewares\Third_Party\FreeRTOS\Source\list.o
                0x0800113c                vListInsertEnd
 .text.vListInsert
                0x08001154       0x2e Middlewares\Third_Party\FreeRTOS\Source\list.o
                0x08001154                vListInsert
 .text.uxListRemove
                0x08001182       0x20 Middlewares\Third_Party\FreeRTOS\Source\list.o
                0x08001182                uxListRemove
 *fill*         0x080011a2        0x2 
 .text.prvTaskExitError
                0x080011a4       0x30 Middlewares\Third_Party\FreeRTOS\Source\portable\GCC\ARM_CM3\port.o
 .text.prvPortStartFirstTask
                0x080011d4       0x20 Middlewares\Third_Party\FreeRTOS\Source\portable\GCC\ARM_CM3\port.o
 .text.pxPortInitialiseStack
                0x080011f4       0x24 Middlewares\Third_Party\FreeRTOS\Source\portable\GCC\ARM_CM3\port.o
                0x080011f4                pxPortInitialiseStack
 *fill*         0x08001218        0x8 
 .text.SVC_Handler
                0x08001220       0x24 Middlewares\Third_Party\FreeRTOS\Source\portable\GCC\ARM_CM3\port.o
                0x08001220                SVC_Handler
 .text.vPortEnterCritical
                0x08001244       0x44 Middlewares\Third_Party\FreeRTOS\Source\portable\GCC\ARM_CM3\port.o
                0x08001244                vPortEnterCritical
 .text.vPortExitCritical
                0x08001288       0x28 Middlewares\Third_Party\FreeRTOS\Source\portable\GCC\ARM_CM3\port.o
                0x08001288                vPortExitCritical
 .text.PendSV_Handler
                0x080012b0       0x44 Middlewares\Third_Party\FreeRTOS\Source\portable\GCC\ARM_CM3\port.o
                0x080012b0                PendSV_Handler
 .text.SysTick_Handler
                0x080012f4       0x2c Middlewares\Third_Party\FreeRTOS\Source\portable\GCC\ARM_CM3\port.o
                0x080012f4                SysTick_Handler
 .text.vPortSetupTimerInterrupt
                0x08001320       0x28 Middlewares\Third_Party\FreeRTOS\Source\portable\GCC\ARM_CM3\port.o
                0x08001320                vPortSetupTimerInterrupt
 .text.xPortStartScheduler
                0x08001348       0x94 Middlewares\Third_Party\FreeRTOS\Source\portable\GCC\ARM_CM3\port.o
                0x08001348                xPortStartScheduler
 .text.unlikely.prvInsertBlockIntoFreeList
                0x080013dc       0x48 Middlewares\Third_Party\FreeRTOS\Source\portable\MemMang\heap_4.o
 .text.pvPortMalloc
                0x08001424      0x11c Middlewares\Third_Party\FreeRTOS\Source\portable\MemMang\heap_4.o
                0x08001424                pvPortMalloc
 .text.vPortFree
                0x08001540       0x70 Middlewares\Third_Party\FreeRTOS\Source\portable\MemMang\heap_4.o
                0x08001540                vPortFree
 .text.prvResetNextTaskUnblockTime
                0x080015b0       0x24 Middlewares\Third_Party\FreeRTOS\Source\tasks.o
 .text.prvAddCurrentTaskToDelayedList
                0x080015d4       0x8c Middlewares\Third_Party\FreeRTOS\Source\tasks.o
 .text.xTaskCreate
                0x08001660      0x1a0 Middlewares\Third_Party\FreeRTOS\Source\tasks.o
                0x08001660                xTaskCreate
 .text.vTaskStartScheduler
                0x08001800       0x78 Middlewares\Third_Party\FreeRTOS\Source\tasks.o
                0x08001800                vTaskStartScheduler
 .text.vTaskSuspendAll
                0x08001878       0x10 Middlewares\Third_Party\FreeRTOS\Source\tasks.o
                0x08001878                vTaskSuspendAll
 .text.xTaskIncrementTick
                0x08001888      0x124 Middlewares\Third_Party\FreeRTOS\Source\tasks.o
                0x08001888                xTaskIncrementTick
 .text.xTaskResumeAll
                0x080019ac       0xf0 Middlewares\Third_Party\FreeRTOS\Source\tasks.o
                0x080019ac                xTaskResumeAll
 .text.vTaskDelay
                0x08001a9c       0x48 Middlewares\Third_Party\FreeRTOS\Source\tasks.o
                0x08001a9c                vTaskDelay
 .text.prvIdleTask
                0x08001ae4       0x74 Middlewares\Third_Party\FreeRTOS\Source\tasks.o
 .text.vTaskSwitchContext
                0x08001b58       0x74 Middlewares\Third_Party\FreeRTOS\Source\tasks.o
                0x08001b58                vTaskSwitchContext
 .text.Led_GateKeeper
                0x08001bcc       0x3c Src\main.o
                0x08001bcc                Led_GateKeeper
 .text.StartDefaultTask
                0x08001c08        0xa Src\main.o
                0x08001c08                StartDefaultTask
 .text.SystemClock_Config
                0x08001c12       0x60 Src\main.o
                0x08001c12                SystemClock_Config
 *fill*         0x08001c72        0x2 
 .text.startup.main
                0x08001c74      0x114 Src\main.o
                0x08001c74                main
 .text.HAL_TIM_PeriodElapsedCallback
                0x08001d88       0x14 Src\main.o
                0x08001d88                HAL_TIM_PeriodElapsedCallback
 .text.HAL_MspInit
                0x08001d9c       0x50 Src\stm32f1xx_hal_msp.o
                0x08001d9c                HAL_MspInit
 .text.HAL_RTC_MspInit
                0x08001dec       0x3c Src\stm32f1xx_hal_msp.o
                0x08001dec                HAL_RTC_MspInit
 .text.HAL_InitTick
                0x08001e28       0x78 Src\stm32f1xx_hal_timebase_tim.o
                0x08001e28                HAL_InitTick
 .text.NMI_Handler
                0x08001ea0        0x2 Src\stm32f1xx_it.o
                0x08001ea0                NMI_Handler
 .text.HardFault_Handler
                0x08001ea2        0x2 Src\stm32f1xx_it.o
                0x08001ea2                HardFault_Handler
 .text.MemManage_Handler
                0x08001ea4        0x2 Src\stm32f1xx_it.o
                0x08001ea4                MemManage_Handler
 .text.BusFault_Handler
                0x08001ea6        0x2 Src\stm32f1xx_it.o
                0x08001ea6                BusFault_Handler
 .text.UsageFault_Handler
                0x08001ea8        0x2 Src\stm32f1xx_it.o
                0x08001ea8                UsageFault_Handler
 .text.DebugMon_Handler
                0x08001eaa        0x2 Src\stm32f1xx_it.o
                0x08001eaa                DebugMon_Handler
 .text.TIM1_UP_IRQHandler
                0x08001eac        0xc Src\stm32f1xx_it.o
                0x08001eac                TIM1_UP_IRQHandler
 .text.SystemInit
                0x08001eb8       0x4c Src\system_stm32f1xx.o
                0x08001eb8                SystemInit
 .text.Reset_Handler
                0x08001f04       0x48 startup\startup_stm32f103xb.o
                0x08001f04                Reset_Handler
 .text.Default_Handler
                0x08001f4c        0x2 startup\startup_stm32f103xb.o
                0x08001f4c                RTC_Alarm_IRQHandler
                0x08001f4c                EXTI2_IRQHandler
                0x08001f4c                TIM1_CC_IRQHandler
                0x08001f4c                PVD_IRQHandler
                0x08001f4c                EXTI3_IRQHandler
                0x08001f4c                EXTI0_IRQHandler
                0x08001f4c                I2C2_EV_IRQHandler
                0x08001f4c                ADC1_2_IRQHandler
                0x08001f4c                SPI1_IRQHandler
                0x08001f4c                TAMPER_IRQHandler
                0x08001f4c                DMA1_Channel4_IRQHandler
                0x08001f4c                USART3_IRQHandler
                0x08001f4c                RTC_IRQHandler
                0x08001f4c                DMA1_Channel7_IRQHandler
                0x08001f4c                CAN1_RX1_IRQHandler
                0x08001f4c                TIM4_IRQHandler
                0x08001f4c                I2C1_EV_IRQHandler
                0x08001f4c                DMA1_Channel6_IRQHandler
                0x08001f4c                TIM3_IRQHandler
                0x08001f4c                RCC_IRQHandler
                0x08001f4c                TIM1_TRG_COM_IRQHandler
                0x08001f4c                DMA1_Channel1_IRQHandler
                0x08001f4c                Default_Handler
                0x08001f4c                EXTI15_10_IRQHandler
                0x08001f4c                EXTI9_5_IRQHandler
                0x08001f4c                SPI2_IRQHandler
                0x08001f4c                DMA1_Channel5_IRQHandler
                0x08001f4c                EXTI4_IRQHandler
                0x08001f4c                USB_LP_CAN1_RX0_IRQHandler
                0x08001f4c                USB_HP_CAN1_TX_IRQHandler
                0x08001f4c                DMA1_Channel3_IRQHandler
                0x08001f4c                WWDG_IRQHandler
                0x08001f4c                TIM2_IRQHandler
                0x08001f4c                TIM1_BRK_IRQHandler
                0x08001f4c                EXTI1_IRQHandler
                0x08001f4c                USART2_IRQHandler
                0x08001f4c                I2C2_ER_IRQHandler
                0x08001f4c                DMA1_Channel2_IRQHandler
                0x08001f4c                CAN1_SCE_IRQHandler
                0x08001f4c                FLASH_IRQHandler
                0x08001f4c                USART1_IRQHandler
                0x08001f4c                I2C1_ER_IRQHandler
                0x08001f4c                USBWakeUp_IRQHandler
 *fill*         0x08001f4e        0x2 
 .text.__libc_init_array
                0x08001f50       0x48 c:/program files (x86)/atollic/truestudio for stm32 9.3.0/armtools/bin/../lib/gcc/arm-atollic-eabi/6.3.1/../../../../arm-atollic-eabi/lib/armv7-m\libc_nano.a(lib_a-init.o)
                0x08001f50                __libc_init_array
 .text.memset   0x08001f98       0x10 c:/program files (x86)/atollic/truestudio for stm32 9.3.0/armtools/bin/../lib/gcc/arm-atollic-eabi/6.3.1/../../../../arm-atollic-eabi/lib/armv7-m\libc_nano.a(lib_a-memset.o)
                0x08001f98                memset
 *(.glue_7)
 .glue_7        0x08001fa8        0x0 linker stubs
 *(.glue_7t)
 .glue_7t       0x08001fa8        0x0 linker stubs
 *(.eh_frame)
 .eh_frame      0x08001fa8        0x0 c:/program files (x86)/atollic/truestudio for stm32 9.3.0/armtools/bin/../lib/gcc/arm-atollic-eabi/6.3.1/armv7-m/crtbegin.o
 *(.init)
 .init          0x08001fa8        0x4 c:/program files (x86)/atollic/truestudio for stm32 9.3.0/armtools/bin/../lib/gcc/arm-atollic-eabi/6.3.1/armv7-m/crti.o
                0x08001fa8                _init
 .init          0x08001fac        0x8 c:/program files (x86)/atollic/truestudio for stm32 9.3.0/armtools/bin/../lib/gcc/arm-atollic-eabi/6.3.1/armv7-m/crtn.o
 *(.fini)
 .fini          0x08001fb4        0x4 c:/program files (x86)/atollic/truestudio for stm32 9.3.0/armtools/bin/../lib/gcc/arm-atollic-eabi/6.3.1/armv7-m/crti.o
                0x08001fb4                _fini
 .fini          0x08001fb8        0x8 c:/program files (x86)/atollic/truestudio for stm32 9.3.0/armtools/bin/../lib/gcc/arm-atollic-eabi/6.3.1/armv7-m/crtn.o
                0x08001fc0                . = ALIGN (0x4)
                0x08001fc0                _etext = .

.vfp11_veneer   0x08001fc0        0x0
 .vfp11_veneer  0x08001fc0        0x0 linker stubs

.v4_bx          0x08001fc0        0x0
 .v4_bx         0x08001fc0        0x0 linker stubs

.iplt           0x08001fc0        0x0
 .iplt          0x08001fc0        0x0 c:/program files (x86)/atollic/truestudio for stm32 9.3.0/armtools/bin/../lib/gcc/arm-atollic-eabi/6.3.1/armv7-m/crtbegin.o

.rodata         0x08001fc0       0x68
                0x08001fc0                . = ALIGN (0x4)
 *(.rodata)
 .rodata        0x08001fc0       0x10 Drivers\STM32F1xx_HAL_Driver\Src\stm32f1xx_hal_rcc.o
 .rodata        0x08001fd0       0x10 Drivers\STM32F1xx_HAL_Driver\Src\stm32f1xx_hal_rcc_ex.o
 .rodata        0x08001fe0       0x14 Src\main.o
 *(.rodata*)
 .rodata.vTaskStartScheduler.str1.1
                0x08001ff4        0x5 Middlewares\Third_Party\FreeRTOS\Source\tasks.o
 .rodata.main.str1.1
                0x08001ff9        0x8 Src\main.o
 .rodata.str1.1
                0x08002001        0xc Src\main.o
 .rodata.AHBPrescTable
                0x0800200d       0x10 Src\system_stm32f1xx.o
                0x0800200d                AHBPrescTable
 .rodata.APBPrescTable
                0x0800201d        0x8 Src\system_stm32f1xx.o
                0x0800201d                APBPrescTable
                0x08002028                . = ALIGN (0x4)
 *fill*         0x08002025        0x3 

.rel.dyn        0x08002028        0x0
 .rel.iplt      0x08002028        0x0 c:/program files (x86)/atollic/truestudio for stm32 9.3.0/armtools/bin/../lib/gcc/arm-atollic-eabi/6.3.1/armv7-m/crtbegin.o

.ARM.extab
 *(.ARM.extab* .gnu.linkonce.armextab.*)

.ARM            0x08002028        0x0
                0x08002028                __exidx_start = .
 *(.ARM.exidx*)
                0x08002028                __exidx_end = .

.preinit_array  0x08002028        0x0
                0x08002028                PROVIDE (__preinit_array_start, .)
 *(.preinit_array*)
                0x08002028                PROVIDE (__preinit_array_end, .)

.init_array     0x08002028        0x4
                0x08002028                PROVIDE (__init_array_start, .)
 *(SORT(.init_array.*))
 *(.init_array*)
 .init_array    0x08002028        0x4 c:/program files (x86)/atollic/truestudio for stm32 9.3.0/armtools/bin/../lib/gcc/arm-atollic-eabi/6.3.1/armv7-m/crtbegin.o
                0x0800202c                PROVIDE (__init_array_end, .)

.fini_array     0x0800202c        0x4
                [!provide]                PROVIDE (__fini_array_start, .)
 *(SORT(.fini_array.*))
 *(.fini_array*)
 .fini_array    0x0800202c        0x4 c:/program files (x86)/atollic/truestudio for stm32 9.3.0/armtools/bin/../lib/gcc/arm-atollic-eabi/6.3.1/armv7-m/crtbegin.o
                [!provide]                PROVIDE (__fini_array_end, .)
                0x08002030                _sidata = LOADADDR (.data)

.data           0x20000000        0xc load address 0x08002030
                0x20000000                . = ALIGN (0x4)
                0x20000000                _sdata = .
 *(.data)
 *(.data*)
 .data.uwTickFreq
                0x20000000        0x1 Drivers\STM32F1xx_HAL_Driver\Src\stm32f1xx_hal.o
                0x20000000                uwTickFreq
 *fill*         0x20000001        0x3 
 .data.uxCriticalNesting
                0x20000004        0x4 Middlewares\Third_Party\FreeRTOS\Source\portable\GCC\ARM_CM3\port.o
 .data.SystemCoreClock
                0x20000008        0x4 Src\system_stm32f1xx.o
                0x20000008                SystemCoreClock
                0x2000000c                . = ALIGN (0x4)
                0x2000000c                _edata = .

.igot.plt       0x2000000c        0x0 load address 0x0800203c
 .igot.plt      0x2000000c        0x0 c:/program files (x86)/atollic/truestudio for stm32 9.3.0/armtools/bin/../lib/gcc/arm-atollic-eabi/6.3.1/armv7-m/crtbegin.o
                0x2000000c                . = ALIGN (0x4)

.bss            0x2000000c      0xdc4 load address 0x0800203c
                0x2000000c                _sbss = .
                0x2000000c                __bss_start__ = _sbss
 *(.bss)
 .bss           0x2000000c       0x1c c:/program files (x86)/atollic/truestudio for stm32 9.3.0/armtools/bin/../lib/gcc/arm-atollic-eabi/6.3.1/armv7-m/crtbegin.o
 *(.bss*)
 .bss.ucMaxSysCallPriority
                0x20000028        0x1 Middlewares\Third_Party\FreeRTOS\Source\portable\GCC\ARM_CM3\port.o
 *fill*         0x20000029        0x3 
 .bss.ulMaxPRIGROUPValue
                0x2000002c        0x4 Middlewares\Third_Party\FreeRTOS\Source\portable\GCC\ARM_CM3\port.o
 .bss.pxEnd     0x20000030        0x4 Middlewares\Third_Party\FreeRTOS\Source\portable\MemMang\heap_4.o
 .bss.ucHeap    0x20000034      0xc00 Middlewares\Third_Party\FreeRTOS\Source\portable\MemMang\heap_4.o
 .bss.xBlockAllocatedBit
                0x20000c34        0x4 Middlewares\Third_Party\FreeRTOS\Source\portable\MemMang\heap_4.o
 .bss.xFreeBytesRemaining
                0x20000c38        0x4 Middlewares\Third_Party\FreeRTOS\Source\portable\MemMang\heap_4.o
 .bss.xMinimumEverFreeBytesRemaining
                0x20000c3c        0x4 Middlewares\Third_Party\FreeRTOS\Source\portable\MemMang\heap_4.o
 .bss.xStart    0x20000c40        0x8 Middlewares\Third_Party\FreeRTOS\Source\portable\MemMang\heap_4.o
 .bss.pxCurrentTCB
                0x20000c48        0x4 Middlewares\Third_Party\FreeRTOS\Source\tasks.o
                0x20000c48                pxCurrentTCB
 .bss.pxDelayedTaskList
                0x20000c4c        0x4 Middlewares\Third_Party\FreeRTOS\Source\tasks.o
 .bss.pxOverflowDelayedTaskList
                0x20000c50        0x4 Middlewares\Third_Party\FreeRTOS\Source\tasks.o
 .bss.pxReadyTasksLists
                0x20000c54       0x8c Middlewares\Third_Party\FreeRTOS\Source\tasks.o
 .bss.uxCurrentNumberOfTasks
                0x20000ce0        0x4 Middlewares\Third_Party\FreeRTOS\Source\tasks.o
 .bss.uxDeletedTasksWaitingCleanUp
                0x20000ce4        0x4 Middlewares\Third_Party\FreeRTOS\Source\tasks.o
 .bss.uxPendedTicks
                0x20000ce8        0x4 Middlewares\Third_Party\FreeRTOS\Source\tasks.o
 .bss.uxSchedulerSuspended
                0x20000cec        0x4 Middlewares\Third_Party\FreeRTOS\Source\tasks.o
 .bss.uxTaskNumber
                0x20000cf0        0x4 Middlewares\Third_Party\FreeRTOS\Source\tasks.o
 .bss.uxTopReadyPriority
                0x20000cf4        0x4 Middlewares\Third_Party\FreeRTOS\Source\tasks.o
 .bss.xDelayedTaskList1
                0x20000cf8       0x14 Middlewares\Third_Party\FreeRTOS\Source\tasks.o
 .bss.xDelayedTaskList2
                0x20000d0c       0x14 Middlewares\Third_Party\FreeRTOS\Source\tasks.o
 .bss.xIdleTaskHandle
                0x20000d20        0x4 Middlewares\Third_Party\FreeRTOS\Source\tasks.o
 .bss.xNextTaskUnblockTime
                0x20000d24        0x4 Middlewares\Third_Party\FreeRTOS\Source\tasks.o
 .bss.xNumOfOverflows
                0x20000d28        0x4 Middlewares\Third_Party\FreeRTOS\Source\tasks.o
 .bss.xPendingReadyList
                0x20000d2c       0x14 Middlewares\Third_Party\FreeRTOS\Source\tasks.o
 .bss.xSchedulerRunning
                0x20000d40        0x4 Middlewares\Third_Party\FreeRTOS\Source\tasks.o
 .bss.xSuspendedTaskList
                0x20000d44       0x14 Middlewares\Third_Party\FreeRTOS\Source\tasks.o
 .bss.xTasksWaitingTermination
                0x20000d58       0x14 Middlewares\Third_Party\FreeRTOS\Source\tasks.o
 .bss.xTickCount
                0x20000d6c        0x4 Middlewares\Third_Party\FreeRTOS\Source\tasks.o
 .bss.xYieldPending
                0x20000d70        0x4 Middlewares\Third_Party\FreeRTOS\Source\tasks.o
 *(COMMON)
 COMMON         0x20000d74        0x4 Drivers\STM32F1xx_HAL_Driver\Src\stm32f1xx_hal.o
                0x20000d74                uwTick
 COMMON         0x20000d78       0x18 Src\main.o
                0x20000d78                defaultTaskHandle
                0x20000d7c                hrtc
 COMMON         0x20000d90       0x40 Src\stm32f1xx_hal_timebase_tim.o
                0x20000d90                htim1
                0x20000dd0                . = ALIGN (0x4)
                0x20000dd0                _ebss = .
                0x20000dd0                __bss_end__ = _ebss

._user_heap_stack
                0x20000dd0      0x600 load address 0x0800203c
                0x20000dd0                . = ALIGN (0x4)
                0x20000dd0                PROVIDE (end, .)
                [!provide]                PROVIDE (_end, .)
                0x20000fd0                . = (. + _Min_Heap_Size)
 *fill*         0x20000dd0      0x200 
                0x200013d0                . = (. + _Min_Stack_Size)
 *fill*         0x20000fd0      0x400 
                0x200013d0                . = ALIGN (0x4)

/DISCARD/
 libc.a(*)
 libm.a(*)
 libgcc.a(*)

.ARM.attributes
                0x00000000       0x29
 *(.ARM.attributes)
 .ARM.attributes
                0x00000000       0x1d c:/program files (x86)/atollic/truestudio for stm32 9.3.0/armtools/bin/../lib/gcc/arm-atollic-eabi/6.3.1/armv7-m/crti.o
 .ARM.attributes
                0x0000001d       0x2d c:/program files (x86)/atollic/truestudio for stm32 9.3.0/armtools/bin/../lib/gcc/arm-atollic-eabi/6.3.1/armv7-m/crtbegin.o
 .ARM.attributes
                0x0000004a       0x33 Drivers\STM32F1xx_HAL_Driver\Src\stm32f1xx_hal.o
 .ARM.attributes
                0x0000007d       0x33 Drivers\STM32F1xx_HAL_Driver\Src\stm32f1xx_hal_cortex.o
 .ARM.attributes
                0x000000b0       0x33 Drivers\STM32F1xx_HAL_Driver\Src\stm32f1xx_hal_gpio.o
 .ARM.attributes
                0x000000e3       0x33 Drivers\STM32F1xx_HAL_Driver\Src\stm32f1xx_hal_pwr.o
 .ARM.attributes
                0x00000116       0x33 Drivers\STM32F1xx_HAL_Driver\Src\stm32f1xx_hal_rcc.o
 .ARM.attributes
                0x00000149       0x33 Drivers\STM32F1xx_HAL_Driver\Src\stm32f1xx_hal_rcc_ex.o
 .ARM.attributes
                0x0000017c       0x33 Drivers\STM32F1xx_HAL_Driver\Src\stm32f1xx_hal_rtc.o
 .ARM.attributes
                0x000001af       0x33 Drivers\STM32F1xx_HAL_Driver\Src\stm32f1xx_hal_tim.o
 .ARM.attributes
                0x000001e2       0x33 Drivers\STM32F1xx_HAL_Driver\Src\stm32f1xx_hal_tim_ex.o
 .ARM.attributes
                0x00000215       0x33 Middlewares\Third_Party\FreeRTOS\Source\CMSIS_RTOS\cmsis_os.o
 .ARM.attributes
                0x00000248       0x33 Middlewares\Third_Party\FreeRTOS\Source\list.o
 .ARM.attributes
                0x0000027b       0x33 Middlewares\Third_Party\FreeRTOS\Source\portable\GCC\ARM_CM3\port.o
 .ARM.attributes
                0x000002ae       0x33 Middlewares\Third_Party\FreeRTOS\Source\portable\MemMang\heap_4.o
 .ARM.attributes
                0x000002e1       0x33 Middlewares\Third_Party\FreeRTOS\Source\tasks.o
 .ARM.attributes
                0x00000314       0x33 Src\main.o
 .ARM.attributes
                0x00000347       0x33 Src\stm32f1xx_hal_msp.o
 .ARM.attributes
                0x0000037a       0x33 Src\stm32f1xx_hal_timebase_tim.o
 .ARM.attributes
                0x000003ad       0x33 Src\stm32f1xx_it.o
 .ARM.attributes
                0x000003e0       0x33 Src\system_stm32f1xx.o
 .ARM.attributes
                0x00000413       0x21 startup\startup_stm32f103xb.o
 .ARM.attributes
                0x00000434       0x2d c:/program files (x86)/atollic/truestudio for stm32 9.3.0/armtools/bin/../lib/gcc/arm-atollic-eabi/6.3.1/../../../../arm-atollic-eabi/lib/armv7-m\libc_nano.a(lib_a-init.o)
 .ARM.attributes
                0x00000461       0x2d c:/program files (x86)/atollic/truestudio for stm32 9.3.0/armtools/bin/../lib/gcc/arm-atollic-eabi/6.3.1/../../../../arm-atollic-eabi/lib/armv7-m\libc_nano.a(lib_a-memset.o)
 .ARM.attributes
                0x0000048e       0x1d c:/program files (x86)/atollic/truestudio for stm32 9.3.0/armtools/bin/../lib/gcc/arm-atollic-eabi/6.3.1/armv7-m/crtn.o
OUTPUT(RTOS_Teste.elf elf32-littlearm)

.debug_info     0x00000000    0x190f4
 .debug_info    0x00000000      0xfc8 Drivers\STM32F1xx_HAL_Driver\Src\stm32f1xx_hal.o
 .debug_info    0x00000fc8     0x14a9 Drivers\STM32F1xx_HAL_Driver\Src\stm32f1xx_hal_cortex.o
 .debug_info    0x00002471      0xec2 Drivers\STM32F1xx_HAL_Driver\Src\stm32f1xx_hal_gpio.o
 .debug_info    0x00003333      0xf9a Drivers\STM32F1xx_HAL_Driver\Src\stm32f1xx_hal_pwr.o
 .debug_info    0x000042cd     0x123d Drivers\STM32F1xx_HAL_Driver\Src\stm32f1xx_hal_rcc.o
 .debug_info    0x0000550a      0xc9d Drivers\STM32F1xx_HAL_Driver\Src\stm32f1xx_hal_rcc_ex.o
 .debug_info    0x000061a7     0x1ad9 Drivers\STM32F1xx_HAL_Driver\Src\stm32f1xx_hal_rtc.o
 .debug_info    0x00007c80     0x3bb9 Drivers\STM32F1xx_HAL_Driver\Src\stm32f1xx_hal_tim.o
 .debug_info    0x0000b839     0x1989 Drivers\STM32F1xx_HAL_Driver\Src\stm32f1xx_hal_tim_ex.o
 .debug_info    0x0000d1c2     0x2500 Middlewares\Third_Party\FreeRTOS\Source\CMSIS_RTOS\cmsis_os.o
 .debug_info    0x0000f6c2      0xac0 Middlewares\Third_Party\FreeRTOS\Source\list.o
 .debug_info    0x00010182      0x4ca Middlewares\Third_Party\FreeRTOS\Source\portable\GCC\ARM_CM3\port.o
 .debug_info    0x0001064c      0xca5 Middlewares\Third_Party\FreeRTOS\Source\portable\MemMang\heap_4.o
 .debug_info    0x000112f1     0x2993 Middlewares\Third_Party\FreeRTOS\Source\tasks.o
 .debug_info    0x00013c84     0x18bf Src\main.o
 .debug_info    0x00015543      0xe9a Src\stm32f1xx_hal_msp.o
 .debug_info    0x000163dd     0x11bc Src\stm32f1xx_hal_timebase_tim.o
 .debug_info    0x00017599      0xe89 Src\stm32f1xx_it.o
 .debug_info    0x00018422      0xc4d Src\system_stm32f1xx.o
 .debug_info    0x0001906f       0x85 startup\startup_stm32f103xb.o

.debug_abbrev   0x00000000     0x375b
 .debug_abbrev  0x00000000      0x315 Drivers\STM32F1xx_HAL_Driver\Src\stm32f1xx_hal.o
 .debug_abbrev  0x00000315      0x399 Drivers\STM32F1xx_HAL_Driver\Src\stm32f1xx_hal_cortex.o
 .debug_abbrev  0x000006ae      0x268 Drivers\STM32F1xx_HAL_Driver\Src\stm32f1xx_hal_gpio.o
 .debug_abbrev  0x00000916      0x28a Drivers\STM32F1xx_HAL_Driver\Src\stm32f1xx_hal_pwr.o
 .debug_abbrev  0x00000ba0      0x367 Drivers\STM32F1xx_HAL_Driver\Src\stm32f1xx_hal_rcc.o
 .debug_abbrev  0x00000f07      0x277 Drivers\STM32F1xx_HAL_Driver\Src\stm32f1xx_hal_rcc_ex.o
 .debug_abbrev  0x0000117e      0x390 Drivers\STM32F1xx_HAL_Driver\Src\stm32f1xx_hal_rtc.o
 .debug_abbrev  0x0000150e      0x3bb Drivers\STM32F1xx_HAL_Driver\Src\stm32f1xx_hal_tim.o
 .debug_abbrev  0x000018c9      0x30d Drivers\STM32F1xx_HAL_Driver\Src\stm32f1xx_hal_tim_ex.o
 .debug_abbrev  0x00001bd6      0x468 Middlewares\Third_Party\FreeRTOS\Source\CMSIS_RTOS\cmsis_os.o
 .debug_abbrev  0x0000203e      0x1e3 Middlewares\Third_Party\FreeRTOS\Source\list.o
 .debug_abbrev  0x00002221      0x249 Middlewares\Third_Party\FreeRTOS\Source\portable\GCC\ARM_CM3\port.o
 .debug_abbrev  0x0000246a      0x314 Middlewares\Third_Party\FreeRTOS\Source\portable\MemMang\heap_4.o
 .debug_abbrev  0x0000277e      0x419 Middlewares\Third_Party\FreeRTOS\Source\tasks.o
 .debug_abbrev  0x00002b97      0x33e Src\main.o
 .debug_abbrev  0x00002ed5      0x21c Src\stm32f1xx_hal_msp.o
 .debug_abbrev  0x000030f1      0x258 Src\stm32f1xx_hal_timebase_tim.o
 .debug_abbrev  0x00003349      0x215 Src\stm32f1xx_it.o
 .debug_abbrev  0x0000355e      0x1eb Src\system_stm32f1xx.o
 .debug_abbrev  0x00003749       0x12 startup\startup_stm32f103xb.o

.debug_loc      0x00000000     0x8102
 .debug_loc     0x00000000      0x11b Drivers\STM32F1xx_HAL_Driver\Src\stm32f1xx_hal.o
 .debug_loc     0x0000011b      0x46b Drivers\STM32F1xx_HAL_Driver\Src\stm32f1xx_hal_cortex.o
 .debug_loc     0x00000586      0x36a Drivers\STM32F1xx_HAL_Driver\Src\stm32f1xx_hal_gpio.o
 .debug_loc     0x000008f0       0xaa Drivers\STM32F1xx_HAL_Driver\Src\stm32f1xx_hal_pwr.o
 .debug_loc     0x0000099a      0x4c3 Drivers\STM32F1xx_HAL_Driver\Src\stm32f1xx_hal_rcc.o
 .debug_loc     0x00000e5d      0x29d Drivers\STM32F1xx_HAL_Driver\Src\stm32f1xx_hal_rcc_ex.o
 .debug_loc     0x000010fa      0xe8e Drivers\STM32F1xx_HAL_Driver\Src\stm32f1xx_hal_rtc.o
 .debug_loc     0x00001f88     0x300c Drivers\STM32F1xx_HAL_Driver\Src\stm32f1xx_hal_tim.o
 .debug_loc     0x00004f94      0x822 Drivers\STM32F1xx_HAL_Driver\Src\stm32f1xx_hal_tim_ex.o
 .debug_loc     0x000057b6     0x102d Middlewares\Third_Party\FreeRTOS\Source\CMSIS_RTOS\cmsis_os.o
 .debug_loc     0x000067e3       0x94 Middlewares\Third_Party\FreeRTOS\Source\list.o
 .debug_loc     0x00006877       0xce Middlewares\Third_Party\FreeRTOS\Source\portable\GCC\ARM_CM3\port.o
 .debug_loc     0x00006945      0x390 Middlewares\Third_Party\FreeRTOS\Source\portable\MemMang\heap_4.o
 .debug_loc     0x00006cd5     0x123d Middlewares\Third_Party\FreeRTOS\Source\tasks.o
 .debug_loc     0x00007f12       0x6e Src\main.o
 .debug_loc     0x00007f80       0x21 Src\stm32f1xx_hal_msp.o
 .debug_loc     0x00007fa1       0x94 Src\stm32f1xx_hal_timebase_tim.o
 .debug_loc     0x00008035       0xcd Src\system_stm32f1xx.o

.debug_aranges  0x00000000      0xc60
 .debug_aranges
                0x00000000       0xc8 Drivers\STM32F1xx_HAL_Driver\Src\stm32f1xx_hal.o
 .debug_aranges
                0x000000c8       0x90 Drivers\STM32F1xx_HAL_Driver\Src\stm32f1xx_hal_cortex.o
 .debug_aranges
                0x00000158       0x58 Drivers\STM32F1xx_HAL_Driver\Src\stm32f1xx_hal_gpio.o
 .debug_aranges
                0x000001b0       0xa8 Drivers\STM32F1xx_HAL_Driver\Src\stm32f1xx_hal_pwr.o
 .debug_aranges
                0x00000258       0x88 Drivers\STM32F1xx_HAL_Driver\Src\stm32f1xx_hal_rcc.o
 .debug_aranges
                0x000002e0       0x30 Drivers\STM32F1xx_HAL_Driver\Src\stm32f1xx_hal_rcc_ex.o
 .debug_aranges
                0x00000310       0xd8 Drivers\STM32F1xx_HAL_Driver\Src\stm32f1xx_hal_rtc.o
 .debug_aranges
                0x000003e8      0x250 Drivers\STM32F1xx_HAL_Driver\Src\stm32f1xx_hal_tim.o
 .debug_aranges
                0x00000638       0xe8 Drivers\STM32F1xx_HAL_Driver\Src\stm32f1xx_hal_tim_ex.o
 .debug_aranges
                0x00000720      0x190 Middlewares\Third_Party\FreeRTOS\Source\CMSIS_RTOS\cmsis_os.o
 .debug_aranges
                0x000008b0       0x40 Middlewares\Third_Party\FreeRTOS\Source\list.o
 .debug_aranges
                0x000008f0       0x78 Middlewares\Third_Party\FreeRTOS\Source\portable\GCC\ARM_CM3\port.o
 .debug_aranges
                0x00000968       0x48 Middlewares\Third_Party\FreeRTOS\Source\portable\MemMang\heap_4.o
 .debug_aranges
                0x000009b0      0x170 Middlewares\Third_Party\FreeRTOS\Source\tasks.o
 .debug_aranges
                0x00000b20       0x48 Src\main.o
 .debug_aranges
                0x00000b68       0x30 Src\stm32f1xx_hal_msp.o
 .debug_aranges
                0x00000b98       0x30 Src\stm32f1xx_hal_timebase_tim.o
 .debug_aranges
                0x00000bc8       0x48 Src\stm32f1xx_it.o
 .debug_aranges
                0x00000c10       0x28 Src\system_stm32f1xx.o
 .debug_aranges
                0x00000c38       0x28 startup\startup_stm32f103xb.o

.debug_ranges   0x00000000      0xff0
 .debug_ranges  0x00000000       0xb8 Drivers\STM32F1xx_HAL_Driver\Src\stm32f1xx_hal.o
 .debug_ranges  0x000000b8      0x128 Drivers\STM32F1xx_HAL_Driver\Src\stm32f1xx_hal_cortex.o
 .debug_ranges  0x000001e0       0x60 Drivers\STM32F1xx_HAL_Driver\Src\stm32f1xx_hal_gpio.o
 .debug_ranges  0x00000240       0x98 Drivers\STM32F1xx_HAL_Driver\Src\stm32f1xx_hal_pwr.o
 .debug_ranges  0x000002d8       0xa0 Drivers\STM32F1xx_HAL_Driver\Src\stm32f1xx_hal_rcc.o
 .debug_ranges  0x00000378       0x40 Drivers\STM32F1xx_HAL_Driver\Src\stm32f1xx_hal_rcc_ex.o
 .debug_ranges  0x000003b8      0x108 Drivers\STM32F1xx_HAL_Driver\Src\stm32f1xx_hal_rtc.o
 .debug_ranges  0x000004c0      0x340 Drivers\STM32F1xx_HAL_Driver\Src\stm32f1xx_hal_tim.o
 .debug_ranges  0x00000800       0xd8 Drivers\STM32F1xx_HAL_Driver\Src\stm32f1xx_hal_tim_ex.o
 .debug_ranges  0x000008d8      0x198 Middlewares\Third_Party\FreeRTOS\Source\CMSIS_RTOS\cmsis_os.o
 .debug_ranges  0x00000a70       0x30 Middlewares\Third_Party\FreeRTOS\Source\list.o
 .debug_ranges  0x00000aa0       0x80 Middlewares\Third_Party\FreeRTOS\Source\portable\GCC\ARM_CM3\port.o
 .debug_ranges  0x00000b20       0x38 Middlewares\Third_Party\FreeRTOS\Source\portable\MemMang\heap_4.o
 .debug_ranges  0x00000b58      0x288 Middlewares\Third_Party\FreeRTOS\Source\tasks.o
 .debug_ranges  0x00000de0       0xe0 Src\main.o
 .debug_ranges  0x00000ec0       0x78 Src\stm32f1xx_hal_msp.o
 .debug_ranges  0x00000f38       0x48 Src\stm32f1xx_hal_timebase_tim.o
 .debug_ranges  0x00000f80       0x38 Src\stm32f1xx_it.o
 .debug_ranges  0x00000fb8       0x18 Src\system_stm32f1xx.o
 .debug_ranges  0x00000fd0       0x20 startup\startup_stm32f103xb.o

.debug_line     0x00000000     0x6bd9
 .debug_line    0x00000000      0x45f Drivers\STM32F1xx_HAL_Driver\Src\stm32f1xx_hal.o
 .debug_line    0x0000045f      0x469 Drivers\STM32F1xx_HAL_Driver\Src\stm32f1xx_hal_cortex.o
 .debug_line    0x000008c8      0x45e Drivers\STM32F1xx_HAL_Driver\Src\stm32f1xx_hal_gpio.o
 .debug_line    0x00000d26      0x452 Drivers\STM32F1xx_HAL_Driver\Src\stm32f1xx_hal_pwr.o
 .debug_line    0x00001178      0x639 Drivers\STM32F1xx_HAL_Driver\Src\stm32f1xx_hal_rcc.o
 .debug_line    0x000017b1      0x3cc Drivers\STM32F1xx_HAL_Driver\Src\stm32f1xx_hal_rcc_ex.o
 .debug_line    0x00001b7d      0x770 Drivers\STM32F1xx_HAL_Driver\Src\stm32f1xx_hal_rtc.o
 .debug_line    0x000022ed     0x115f Drivers\STM32F1xx_HAL_Driver\Src\stm32f1xx_hal_tim.o
 .debug_line    0x0000344c      0x701 Drivers\STM32F1xx_HAL_Driver\Src\stm32f1xx_hal_tim_ex.o
 .debug_line    0x00003b4d      0x8da Middlewares\Third_Party\FreeRTOS\Source\CMSIS_RTOS\cmsis_os.o
 .debug_line    0x00004427      0x363 Middlewares\Third_Party\FreeRTOS\Source\list.o
 .debug_line    0x0000478a      0x315 Middlewares\Third_Party\FreeRTOS\Source\portable\GCC\ARM_CM3\port.o
 .debug_line    0x00004a9f      0x40c Middlewares\Third_Party\FreeRTOS\Source\portable\MemMang\heap_4.o
 .debug_line    0x00004eab      0xbb6 Middlewares\Third_Party\FreeRTOS\Source\tasks.o
 .debug_line    0x00005a61      0x4d4 Src\main.o
 .debug_line    0x00005f35      0x31d Src\stm32f1xx_hal_msp.o
 .debug_line    0x00006252      0x341 Src\stm32f1xx_hal_timebase_tim.o
 .debug_line    0x00006593      0x30a Src\stm32f1xx_it.o
 .debug_line    0x0000689d      0x2bf Src\system_stm32f1xx.o
 .debug_line    0x00006b5c       0x7d startup\startup_stm32f103xb.o

.debug_str      0x00000000     0x4bc4
 .debug_str     0x00000000      0xbda Drivers\STM32F1xx_HAL_Driver\Src\stm32f1xx_hal.o
                                0xc7b (size before relaxing)
 .debug_str     0x00000bda      0x2d8 Drivers\STM32F1xx_HAL_Driver\Src\stm32f1xx_hal_cortex.o
                                0xda3 (size before relaxing)
 .debug_str     0x00000eb2      0x1cf Drivers\STM32F1xx_HAL_Driver\Src\stm32f1xx_hal_gpio.o
                                0x910 (size before relaxing)
 .debug_str     0x00001081      0x24a Drivers\STM32F1xx_HAL_Driver\Src\stm32f1xx_hal_pwr.o
                                0x9a5 (size before relaxing)
 .debug_str     0x000012cb      0x30b Drivers\STM32F1xx_HAL_Driver\Src\stm32f1xx_hal_rcc.o
                                0xaee (size before relaxing)
 .debug_str     0x000015d6      0x12b Drivers\STM32F1xx_HAL_Driver\Src\stm32f1xx_hal_rcc_ex.o
                                0x8cb (size before relaxing)
 .debug_str     0x00001701      0x480 Drivers\STM32F1xx_HAL_Driver\Src\stm32f1xx_hal_rtc.o
                                0xc07 (size before relaxing)
 .debug_str     0x00001b81     0x10ad Drivers\STM32F1xx_HAL_Driver\Src\stm32f1xx_hal_tim.o
                               0x183f (size before relaxing)
 .debug_str     0x00002c2e      0x4f1 Drivers\STM32F1xx_HAL_Driver\Src\stm32f1xx_hal_tim_ex.o
                               0x10e1 (size before relaxing)
 .debug_str     0x0000311f      0xb3c Middlewares\Third_Party\FreeRTOS\Source\CMSIS_RTOS\cmsis_os.o
                               0x11ec (size before relaxing)
 .debug_str     0x00003c5b      0x159 Middlewares\Third_Party\FreeRTOS\Source\list.o
                                0x73d (size before relaxing)
 .debug_str     0x00003db4      0x20e Middlewares\Third_Party\FreeRTOS\Source\portable\GCC\ARM_CM3\port.o
                                0x458 (size before relaxing)
 .debug_str     0x00003fc2      0x1e8 Middlewares\Third_Party\FreeRTOS\Source\portable\MemMang\heap_4.o
                                0x826 (size before relaxing)
 .debug_str     0x000041aa      0x824 Middlewares\Third_Party\FreeRTOS\Source\tasks.o
                               0x1238 (size before relaxing)
 .debug_str     0x000049ce       0xb0 Src\main.o
                               0x10af (size before relaxing)
 .debug_str     0x00004a7e       0x1b Src\stm32f1xx_hal_msp.o
                                0xbb6 (size before relaxing)
 .debug_str     0x00004a99       0x50 Src\stm32f1xx_hal_timebase_tim.o
                                0xef3 (size before relaxing)
 .debug_str     0x00004ae9       0x8e Src\stm32f1xx_it.o
                                0xae2 (size before relaxing)
 .debug_str     0x00004b77       0x4d Src\system_stm32f1xx.o
                                0x779 (size before relaxing)

.comment        0x00000000       0x7c
 .comment       0x00000000       0x7c Drivers\STM32F1xx_HAL_Driver\Src\stm32f1xx_hal.o
                                 0x7d (size before relaxing)
 .comment       0x0000007c       0x7d Drivers\STM32F1xx_HAL_Driver\Src\stm32f1xx_hal_cortex.o
 .comment       0x0000007c       0x7d Drivers\STM32F1xx_HAL_Driver\Src\stm32f1xx_hal_gpio.o
 .comment       0x0000007c       0x7d Drivers\STM32F1xx_HAL_Driver\Src\stm32f1xx_hal_pwr.o
 .comment       0x0000007c       0x7d Drivers\STM32F1xx_HAL_Driver\Src\stm32f1xx_hal_rcc.o
 .comment       0x0000007c       0x7d Drivers\STM32F1xx_HAL_Driver\Src\stm32f1xx_hal_rcc_ex.o
 .comment       0x0000007c       0x7d Drivers\STM32F1xx_HAL_Driver\Src\stm32f1xx_hal_rtc.o
 .comment       0x0000007c       0x7d Drivers\STM32F1xx_HAL_Driver\Src\stm32f1xx_hal_tim.o
 .comment       0x0000007c       0x7d Drivers\STM32F1xx_HAL_Driver\Src\stm32f1xx_hal_tim_ex.o
 .comment       0x0000007c       0x7d Middlewares\Third_Party\FreeRTOS\Source\CMSIS_RTOS\cmsis_os.o
 .comment       0x0000007c       0x7d Middlewares\Third_Party\FreeRTOS\Source\list.o
 .comment       0x0000007c       0x7d Middlewares\Third_Party\FreeRTOS\Source\portable\GCC\ARM_CM3\port.o
 .comment       0x0000007c       0x7d Middlewares\Third_Party\FreeRTOS\Source\portable\MemMang\heap_4.o
 .comment       0x0000007c       0x7d Middlewares\Third_Party\FreeRTOS\Source\tasks.o
 .comment       0x0000007c       0x7d Src\main.o
 .comment       0x0000007c       0x7d Src\stm32f1xx_hal_msp.o
 .comment       0x0000007c       0x7d Src\stm32f1xx_hal_timebase_tim.o
 .comment       0x0000007c       0x7d Src\stm32f1xx_it.o
 .comment       0x0000007c       0x7d Src\system_stm32f1xx.o

.debug_frame    0x00000000     0x226c
 .debug_frame   0x00000000      0x1b0 Drivers\STM32F1xx_HAL_Driver\Src\stm32f1xx_hal.o
 .debug_frame   0x000001b0      0x120 Drivers\STM32F1xx_HAL_Driver\Src\stm32f1xx_hal_cortex.o
 .debug_frame   0x000002d0       0xd4 Drivers\STM32F1xx_HAL_Driver\Src\stm32f1xx_hal_gpio.o
 .debug_frame   0x000003a4      0x140 Drivers\STM32F1xx_HAL_Driver\Src\stm32f1xx_hal_pwr.o
 .debug_frame   0x000004e4      0x150 Drivers\STM32F1xx_HAL_Driver\Src\stm32f1xx_hal_rcc.o
 .debug_frame   0x00000634       0x6c Drivers\STM32F1xx_HAL_Driver\Src\stm32f1xx_hal_rcc_ex.o
 .debug_frame   0x000006a0      0x2bc Drivers\STM32F1xx_HAL_Driver\Src\stm32f1xx_hal_rtc.o
 .debug_frame   0x0000095c      0x854 Drivers\STM32F1xx_HAL_Driver\Src\stm32f1xx_hal_tim.o
 .debug_frame   0x000011b0      0x320 Drivers\STM32F1xx_HAL_Driver\Src\stm32f1xx_hal_tim_ex.o
 .debug_frame   0x000014d0      0x4d4 Middlewares\Third_Party\FreeRTOS\Source\CMSIS_RTOS\cmsis_os.o
 .debug_frame   0x000019a4       0x6c Middlewares\Third_Party\FreeRTOS\Source\list.o
 .debug_frame   0x00001a10       0xe0 Middlewares\Third_Party\FreeRTOS\Source\portable\GCC\ARM_CM3\port.o
 .debug_frame   0x00001af0       0x98 Middlewares\Third_Party\FreeRTOS\Source\portable\MemMang\heap_4.o
 .debug_frame   0x00001b88      0x4ac Middlewares\Third_Party\FreeRTOS\Source\tasks.o
 .debug_frame   0x00002034       0x9c Src\main.o
 .debug_frame   0x000020d0       0x50 Src\stm32f1xx_hal_msp.o
 .debug_frame   0x00002120       0x50 Src\stm32f1xx_hal_timebase_tim.o
 .debug_frame   0x00002170       0x80 Src\stm32f1xx_it.o
 .debug_frame   0x000021f0       0x30 Src\system_stm32f1xx.o
 .debug_frame   0x00002220       0x2c c:/program files (x86)/atollic/truestudio for stm32 9.3.0/armtools/bin/../lib/gcc/arm-atollic-eabi/6.3.1/../../../../arm-atollic-eabi/lib/armv7-m\libc_nano.a(lib_a-init.o)
 .debug_frame   0x0000224c       0x20 c:/program files (x86)/atollic/truestudio for stm32 9.3.0/armtools/bin/../lib/gcc/arm-atollic-eabi/6.3.1/../../../../arm-atollic-eabi/lib/armv7-m\libc_nano.a(lib_a-memset.o)
